{
  :data => {
               :id => "63fb9319-f973-4404-9eda-c16a8933f6aa",
             :type => :dog_allergy,
    :relationships => {
      :allergen => {
        :data => {
            :id => "c545ae6c-ede9-4c40-8401-0b496513f181",
          :type => :allergen
        }
      },
           :dog => {
        :data => {
            :id => "8232232d-88c5-4b4e-bb8c-265d54cbc3ee",
          :type => :dog
        }
      }
    }
  }
}